<?xml version="1.0" encoding="utf-8"?><testsuites name="pytest tests"><testsuite name="pytest" errors="0" failures="0" skipped="0" tests="67" time="0.963" timestamp="2026-09-30T16:43:16.455411+00:00" hostname="0b226981-3ad"><testcase classname="tests.integration.test_api" name="test_health_is_real_mysql" time="0.245" /><testcase classname="tests.integration.test_api" name="test_catalog_has_600_seeded_products" time="0.023" /><testcase classname="tests.integration.test_api" name="test_schema_categories_have_exactly_three_levels" time="0.005" /><testcase classname="tests.integration.test_api" name="test_recursive_root_filter_matches_all_descendants" time="0.033" /><testcase classname="tests.integration.test_api" name="test_combined_four_facet_filter" time="0.007" /><testcase classname="tests.integration.test_api" name="test_stock_filter_boundaries[in]" time="0.021" /><testcase classname="tests.integration.test_api" name="test_stock_filter_boundaries[low]" time="0.008" /><testcase classname="tests.integration.test_api" name="test_stock_filter_boundaries[out]" time="0.007" /><testcase classname="tests.integration.test_api" name="test_backend_offsets_are_distinct" time="0.011" /><testcase classname="tests.integration.test_api" name="test_literal_search_is_injection_safe" time="0.020" /><testcase classname="tests.integration.test_api" name="test_invalid_queries_return_422[min_price=100&amp;max_price=50]" time="0.002" /><testcase classname="tests.integration.test_api" name="test_invalid_queries_return_422[min_rating=8]" time="0.002" /><testcase classname="tests.integration.test_api" name="test_invalid_queries_return_422[limit=1001]" time="0.002" /><testcase classname="tests.integration.test_api" name="test_invalid_queries_return_422[stock=invalid]" time="0.002" /><testcase classname="tests.integration.test_api" name="test_invalid_queries_return_422[sort=price%3BDROP]" time="0.002" /><testcase classname="tests.integration.test_api" name="test_invalid_queries_return_422[brand_id=-1]" time="0.002" /><testcase classname="tests.integration.test_api" name="test_invalid_queries_return_422[min_price=1.001]" time="0.002" /><testcase classname="tests.integration.test_api" name="test_writes_require_the_key" time="0.004" /><testcase classname="tests.integration.test_api" name="test_negative_stock_is_rejected" time="0.002" /><testcase classname="tests.integration.test_api" name="test_stock_change_is_atomic_and_stale_version_is_rejected" time="0.016" /><testcase classname="tests.integration.test_api" name="test_create_edit_archive_lifecycle" time="0.022" /><testcase classname="tests.integration.test_api" name="test_references_must_exist_and_categories_must_be_leaf" time="0.009" /><testcase classname="tests.integration.test_api" name="test_ui_and_security_headers" time="0.031" /><testcase classname="tests.integration.test_api" name="test_stats_cross_foot_against_actual_products" time="0.027" /><testcase classname="tests.unit.test_queries" name="test_default_query_is_bounded_and_stable" time="0.000" /><testcase classname="tests.unit.test_queries" name="test_four_facets_are_combined_with_bound_parameters" time="0.000" /><testcase classname="tests.unit.test_queries" name="test_category_filter_uses_recursive_cte" time="0.000" /><testcase classname="tests.unit.test_queries" name="test_search_cannot_become_sql[' OR 1=1 --]" time="0.001" /><testcase classname="tests.unit.test_queries" name="test_search_cannot_become_sql[x'; DROP TABLE products; --]" time="0.000" /><testcase classname="tests.unit.test_queries" name="test_search_cannot_become_sql[%_=]" time="0.000" /><testcase classname="tests.unit.test_queries" name="test_like_wildcards_are_literals" time="0.000" /><testcase classname="tests.unit.test_queries" name="test_sort_uses_allowlisted_sql[newest]" time="0.000" /><testcase classname="tests.unit.test_queries" name="test_sort_uses_allowlisted_sql[name]" time="0.000" /><testcase classname="tests.unit.test_queries" name="test_sort_uses_allowlisted_sql[price_asc]" time="0.000" /><testcase classname="tests.unit.test_queries" name="test_sort_uses_allowlisted_sql[price_desc]" time="0.000" /><testcase classname="tests.unit.test_queries" name="test_sort_uses_allowlisted_sql[rating_desc]" time="0.001" /><testcase classname="tests.unit.test_queries" name="test_sort_uses_allowlisted_sql[stock_desc]" time="0.001" /><testcase classname="tests.unit.test_queries" name="test_invalid_filters_are_rejected[values0]" time="0.001" /><testcase classname="tests.unit.test_queries" name="test_invalid_filters_are_rejected[values1]" time="0.001" /><testcase classname="tests.unit.test_queries" name="test_invalid_filters_are_rejected[values2]" time="0.001" /><testcase classname="tests.unit.test_queries" name="test_invalid_filters_are_rejected[values3]" time="0.001" /><testcase classname="tests.unit.test_queries" name="test_invalid_filters_are_rejected[values4]" time="0.001" /><testcase classname="tests.unit.test_queries" name="test_invalid_filters_are_rejected[values5]" time="0.001" /><testcase classname="tests.unit.test_queries" name="test_invalid_filters_are_rejected[values6]" time="0.001" /><testcase classname="tests.unit.test_queries" name="test_invalid_filters_are_rejected[values7]" time="0.001" /><testcase classname="tests.unit.test_queries" name="test_invalid_filters_are_rejected[values8]" time="0.001" /><testcase classname="tests.unit.test_queries" name="test_invalid_filters_are_rejected[values9]" time="0.000" /><testcase classname="tests.unit.test_queries" name="test_invalid_filters_are_rejected[values10]" time="0.000" /><testcase classname="tests.unit.test_queries" name="test_brands_are_deduplicated" time="0.000" /><testcase classname="tests.unit.test_queries" name="test_invalid_stock_updates_are_rejected[values0]" time="0.000" /><testcase classname="tests.unit.test_queries" name="test_invalid_stock_updates_are_rejected[values1]" time="0.000" /><testcase classname="tests.unit.test_queries" name="test_invalid_stock_updates_are_rejected[values2]" time="0.000" /><testcase classname="tests.unit.test_queries" name="test_invalid_stock_updates_are_rejected[values3]" time="0.000" /><testcase classname="tests.unit.test_queries" name="test_product_money_and_sku_validation" time="0.001" /><testcase classname="tests.unit.test_queries" name="test_patch_is_explicit_and_cannot_bypass_stock_audit[values0]" time="0.001" /><testcase classname="tests.unit.test_queries" name="test_patch_is_explicit_and_cannot_bypass_stock_audit[values1]" time="0.001" /><testcase classname="tests.unit.test_queries" name="test_patch_is_explicit_and_cannot_bypass_stock_audit[values2]" time="0.000" /><testcase classname="tests.unit.test_queries" name="test_invalid_sse_cursor[-1]" time="0.000" /><testcase classname="tests.unit.test_queries" name="test_invalid_sse_cursor[abc]" time="0.000" /><testcase classname="tests.unit.test_queries" name="test_invalid_sse_cursor[1\n]" time="0.000" /><testcase classname="tests.unit.test_queries" name="test_invalid_sse_cursor[\uff11\uff12]" time="0.000" /><testcase classname="tests.unit.test_queries" name="test_invalid_sse_cursor[9999999999999999999]" time="0.000" /><testcase classname="tests.unit.test_queries" name="test_sse_format_and_cursor" time="0.000" /><testcase classname="tests.unit.test_queries" name="test_seed_is_deterministic_and_has_three_real_levels" time="0.011" /><testcase classname="tests.unit.test_startup" name="test_startup_keeps_mounted_ca_and_supplied_port" time="0.032" /><testcase classname="tests.unit.test_startup" name="test_startup_writes_pem_env_to_private_temporary_file" time="0.034" /><testcase classname="tests.unit.test_startup" name="test_startup_does_not_launch_after_bootstrap_failure" time="0.012" /></testsuite></testsuites>